{"metadata":{"properties":[],"settings":{"title":"Literal"}},"content":[{"value":{"name":"lit","metadata":{"properties":[],"settings":{}},"content":"Foo bar baz\n    Quz"},"type":"tag","subtype":"literal"},{"value":{"name":"lit","metadata":{"properties":[],"settings":{}},"content":"    hello world"},"type":"tag","subtype":"literal"},{"value":{"name":"lit","metadata":{"properties":[],"settings":{}},"content":"#=notalit:\n#:\n#: <- this is invalid"},"type":"tag","subtype":"literal"}]}
